// Jest Snapshot v1, https://goo.gl/fbAQLP

exports[`should render correctly after clicking submit button 1`] = `
<form>
  <h2>
    Add
     Course
  </h2>
  <div
    className="form-group has-error"
  >
    <label
      htmlFor="title"
    >
      Title
    </label>
    <div
      className="field"
    >
      <input
        className="form-control"
        name="title"
        onChange={[Function]}
        type="text"
      />
      <div
        className="alert alert-danger"
      >
        Title is required.
      </div>
    </div>
  </div>
  <div
    className="form-group"
  >
    <label
      htmlFor="authorId"
    >
      Author
    </label>
    <div
      className="field"
    >
      <select
        className="form-control"
        name="authorId"
        onChange={[Function]}
        value=""
      >
        <option
          value=""
        >
          Select Author
        </option>
        <option
          value={1}
        >
          James Hetfield
        </option>
        <option
          value={2}
        >
          Tom Araya
        </option>
        <option
          value={3}
        >
          Dave Mustane
        </option>
      </select>
      <div
        className="alert alert-danger"
      >
        Author is required
      </div>
    </div>
  </div>
  <div
    className="form-group has-error"
  >
    <label
      htmlFor="category"
    >
      Category
    </label>
    <div
      className="field"
    >
      <input
        className="form-control"
        name="category"
        onChange={[Function]}
        type="text"
      />
      <div
        className="alert alert-danger"
      >
        Category is required
      </div>
    </div>
  </div>
  <button
    className="btn btn-primary"
    disabled={false}
    onSubmit={[Function]}
    type="submit"
  >
    Save
  </button>
</form>
`;
