// Jest Snapshot v1, https://goo.gl/fbAQLP

exports[`renders correctly 1`] = `
<div
  className="form-group"
>
  <label />
  <div
    className="field"
  >
    <input
      className="form-control"
      onChange={[MockFunction]}
      type="text"
    />
  </div>
</div>
`;
